// Jest Snapshot v1, https://goo.gl/fbAQLP

exports[`<RecipeTitle /> should match a snapshot 1`] = `
<h2
  className="sc-bdVaJa fEgdCy"
>
  My recipe
</h2>
`;
