// Jest Snapshot v1, https://goo.gl/fbAQLP

exports[`Header should match a snapshot 1`] = `
<header
  className="sc-bdVaJa ePfJUz"
>
  <h1>
    The Recipe Box
  </h1>
</header>
`;
