// Jest Snapshot v1, https://goo.gl/fbAQLP

exports[`Header should match a snapshot 1`] = `
<header
  className="sc-bdVaJa oMxSe"
>
  <h1
    className="sc-bwzfXH kPEUNq"
  >
    Header
  </h1>
</header>
`;
