// Jest Snapshot v1, https://goo.gl/fbAQLP

exports[`<Recipe /> should match snapshot 1`] = `
<div
  className="sc-htpNat jdaKho"
  onClick={[Function]}
>
  <h2
    className="sc-bwzfXH cIKGFn"
  >
    Test recipe
  </h2>
  <p
    className="sc-bdVaJa hCJUJ"
  >
    Serves 3
  </p>
  <ul>
    <li>
      1
       
      cup
       
      flour
    </li>
  </ul>
  <br />
  <p>
    Here is my test recipe
  </p>
</div>
`;
